[0m00:25:50.701454 [debug] [MainThread]: Sending event: {'category': 'dbt', 'action': 'invocation', 'label': 'start', 'context': [<snowplow_tracker.self_describing_json.SelfDescribingJson object at 0x10e136e10>, <snowplow_tracker.self_describing_json.SelfDescribingJson object at 0x10e15ad10>, <snowplow_tracker.self_describing_json.SelfDescribingJson object at 0x10e173f50>]}


============================== 00:25:50.710010 | ee3d16ce-a3bb-4fc6-85ce-288313d69b2c ==============================
[0m00:25:50.710010 [info ] [MainThread]: Running with dbt=1.9.2
[0m00:25:50.711232 [debug] [MainThread]: running dbt with arguments {'printer_width': '80', 'indirect_selection': 'eager', 'write_json': 'True', 'log_cache_events': 'False', 'partial_parse': 'True', 'cache_selected_only': 'False', 'profiles_dir': '/Users/Anselmo/.dbt', 'fail_fast': 'False', 'debug': 'False', 'log_path': 'logs', 'warn_error': 'None', 'version_check': 'True', 'use_colors': 'True', 'use_experimental_parser': 'False', 'empty': 'None', 'quiet': 'False', 'no_print': 'None', 'warn_error_options': 'WarnErrorOptions(include=[], exclude=[])', 'introspect': 'True', 'static_parser': 'True', 'log_format': 'default', 'target_path': 'None', 'invocation_command': 'dbt init mcp_demo', 'send_anonymous_usage_stats': 'True'}
[0m00:25:50.754539 [debug] [MainThread]: Starter project path: /usr/local/lib/python3.11/site-packages/dbt/include/starter_project
[0m00:25:50.769880 [info ] [MainThread]: 
Your new dbt project "mcp_demo" was created!

For more information on how to configure the profiles.yml file,
please consult the dbt documentation here:

  https://docs.getdbt.com/docs/configure-your-profile

One more thing:

Need help? Don't hesitate to reach out to us via GitHub issues or on Slack:

  https://community.getdbt.com/

Happy modeling!

[0m00:25:50.770815 [info ] [MainThread]: Setting up your profile.
[0m00:26:01.036064 [debug] [MainThread]: Resource report: {"command_name": "init", "command_success": true, "command_wall_clock_time": 10.467429, "process_in_blocks": "0", "process_kernel_time": 0.725923, "process_mem_max_rss": "104570880", "process_out_blocks": "0", "process_user_time": 2.463084}
[0m00:26:01.036913 [debug] [MainThread]: Command `dbt init` succeeded at 00:26:01.036716 after 10.47 seconds
[0m00:26:01.037715 [debug] [MainThread]: Sending event: {'category': 'dbt', 'action': 'invocation', 'label': 'end', 'context': [<snowplow_tracker.self_describing_json.SelfDescribingJson object at 0x10a0b2b10>, <snowplow_tracker.self_describing_json.SelfDescribingJson object at 0x10e2579d0>, <snowplow_tracker.self_describing_json.SelfDescribingJson object at 0x10a09d290>]}
[0m00:26:01.038330 [debug] [MainThread]: Flushing usage events
[0m00:26:02.600835 [debug] [MainThread]: An error was encountered while trying to flush usage events
